<html>
<body>
<pre>
<h1>礦ision Build Log</h1>
<h2>Tool Versions:</h2>
IDE-Version: μVision V5.43.1.0
Copyright (C) 2025 ARM Ltd and ARM Germany GmbH. All rights reserved.
License Information: 1 1, 1, LIC=X96CK-ZUZSB-NN2AF-6S92A-7MG3E-YG9H1
 
Tool Versions:
Toolchain:       MDK-ARM Plus  Version: 5.43.0.0
Toolchain Path:  E:\2025_Stm32_keil\100install_files_location\ARM\ARMCLANG\Bin
C Compiler:      ArmClang.exe V6.24
Assembler:       Armasm.exe V6.24
Linker/Locator:  ArmLink.exe V6.24
Library Manager: ArmAr.exe V6.24
Hex Converter:   FromElf.exe V6.24
CPU DLL:         
Dialog DLL:      
Target DLL:      STLink\ST-LINKIII-KEIL_SWO.dll V3.3.1.0
Dialog DLL:      TCM.DLL V1.56.6.0
 
<h2>Project:</h2>
E:\2025My\LV_28 基于STM32U5的智能手表系列（已经2刷掌握了）\00课件资料以及代码\day02freertos_lvgl的成功移植\00FreeRTOS_U5_led_反转\MDK-ARM\FreeRTOS_U5.uvprojx
Project File Date:  03/08/2026

<h2>Output:</h2>
*** Using Compiler 'V6.24', folder: 'E:\2025_Stm32_keil\100install_files_location\ARM\ARMCLANG\Bin'
Rebuild target 'FreeRTOS_U5'
assembling startup_stm32u575xx.s...
compiling stm32u5xx_hal_i2c_ex.c...
compiling stm32u5xx_hal_i2c.c...
compiling app_freertos.c...
compiling stm32u5xx_it.c...
compiling usart.c...
compiling main.c...
compiling stm32u5xx_hal_timebase_tim.c...
compiling icache.c...
compiling stm32u5xx_hal_msp.c...
compiling stm32u5xx_hal.c...
compiling stm32u5xx_hal_cortex.c...
compiling stm32u5xx_hal_tim_ex.c...
compiling stm32u5xx_hal_flash.c...
compiling stm32u5xx_hal_flash_ex.c...
compiling stm32u5xx_hal_gpio.c...
compiling stm32u5xx_hal_gtzc.c...
compiling stm32u5xx_hal_dma.c...
compiling stm32u5xx_hal_exti.c...
compiling stm32u5xx_hal_pwr.c...
compiling stm32u5xx_hal_rcc.c...
compiling stm32u5xx_hal_icache.c...
compiling stm32u5xx_hal_pwr_ex.c...
compiling stm32u5xx_hal_rcc_ex.c...
compiling stm32u5xx_hal_tim.c...
compiling system_stm32u5xx.c...
compiling croutine.c...
compiling stm32u5xx_hal_uart_ex.c...
compiling list.c...
compiling event_groups.c...
compiling stm32u5xx_hal_dma_ex.c...
compiling portasm.c...
compiling port.c...
compiling queue.c...
compiling timers.c...
compiling heap_4.c...
compiling stm32u5xx_hal_uart.c...
compiling tasks.c...
compiling cmsis_os2.c...
compiling gpio.c...
compiling stream_buffer.c...
linking...
Program Size: Code=25786 RO-data=1006 RW-data=16 ZI-data=12960  
FromELF: creating hex file...
"FreeRTOS_U5\FreeRTOS_U5.axf" - 0 Error(s), 0 Warning(s).

<h2>Software Packages used:</h2>

Package Vendor: ARM
                https://www.keil.com/pack/ARM.CMSIS.6.2.0.pack
                ARM::CMSIS@6.2.0
                CMSIS (Common Microcontroller Software Interface Standard)
   * Component: CORE Version: 6.1.1

Package Vendor: Keil
                https://www.keil.com/pack/Keil.STM32U5xx_DFP.3.2.0.pack
                Keil::STM32U5xx_DFP@3.2.0
                STMicroelectronics STM32U5 Series Device Support

<h2>Collection of Component include folders:</h2>
  ./RTE/_FreeRTOS_U5
  E:/2025_Stm32_keil/100install_files_location/ARM/CMSIS/6.2.0/CMSIS/Core/Include

<h2>Collection of Component Files used:</h2>

   * Component: ARM::CMSIS:CORE@6.1.1
      Include file:  CMSIS/Core/Include/tz_context.h
Build Time Elapsed:  00:00:07
</pre>
</body>
</html>
